



https://conferences2.sigcomm.org/acm-icn/2022/assets/zenoh-4-Zenoh-and-Zenoh-Flow-Hands-on-e8cbd760e0b88b74417fb1c14d1d373b5ce2a094bc29b5f1a0bfd8e52030c151.pdf

pip install eclipse-zenoh
$ apt install python3-pip python3-launchpadlib python3-testresources
$ git clone https://github.com/eclipse-zenoh/zenoh-python
$ cd zenoh-python

ersetzt bisheriges (2022)
        Install the Rust toolchain: 
        $ curl --proto '=https' --tlsv1.2 -sSf https://sh.rustup.rs | sh
        $ source $HOME/.cargo/env

        Compile and install the python API
        $ apt install python3-pip python3-launchpadlib python3-testresources
        $ git clone https://github.com/eclipse-zenoh/zenoh-python
        $ cd zenoh-python
        $ pip3 install -r requirements-dev.txt


        $ python3 setup.py develop   => 

        oju@HP:~/zenoh-python$ python3 setup.py develop
        python3: can't open file '/home/oju/zenoh-python/setup.py': [Errno 2] No such file or directory


Die Beispielprogramme sind unter /home/oju/zenoh-python/examples.
Die Python-Skripte müssen zunächts mit chmod +x ausführbar gemacht werden

Terminal 1: Starte Publisher
oju@HP:~/zenoh-python/examples$ python3 z_sub.py


Terminal 2: Starte Subscriber
oju@HP:~/zenoh-python/examples$ python3 z_pub.py


Eigener zenoh_publisher.py kompiliert nicht, egal.

---------------------------------------------------------------
Arduino ESP32 

https://docs.arduino.cc/software/ide-v2/tutorials/getting-started/ide-v2-downloading-and-installing/

Board ergänzen

Arduino Preferences   / additional Board Manager URLs:   https://espressif.github.io/arduino-esp32/package_esp32_index.json

Test mit arduino_micro_ros_publisher_VL53L0X => ESP32 Dev Module 
        Adafruit_VL53L0X Library  installieren
Läuft


Ros Agent
Wichtig rmw_fastdds
 und 
ROS_DOMAIN_ID = 0

Download Zip: https://github.com/eclipse-zenoh/zenoh-pico.git

=> Arduino add library from zip










oju@HP:~$ git clone https://github.com/eclipse-zenoh/zenoh-pico.git


Symbolischen Link setzen

# $ ln -s /path/to/zenoh-pico /path/to/project_dir/lib/zenoh-pico

$ ln -s /home/zenoh-pico /home/oju/Dokumente/arduino_zenoh_test





# sudo apt install platformio     https://platformio.org/    The most loved IDE solution for Microsoft Visual Studio Code.










https://zenoh.io/blog/2021-10-04-zenoh-pico-guide/

https://github.com/eclipse-zenoh/zenoh-python